<< CAP LS
<< NICK kquerel
<< USER kquerel kquerel irc.dal.net :Karl QUEREL
>> :bifrost.ca.us.dal.net NOTICE AUTH :*** Looking up your hostname...
>> :bifrost.ca.us.dal.net NOTICE AUTH :*** Checking Ident
>> :bifrost.ca.us.dal.net NOTICE AUTH :*** Found your hostname
>> :bifrost.ca.us.dal.net NOTICE AUTH :*** No Ident response
>> :bifrost.ca.us.dal.net 001 kquerel :Welcome to the DALnet IRC Network kquerel!~kquerel@62.210.33.216
<< MODE kquerel +i
>> :bifrost.ca.us.dal.net 002 kquerel :Your host is bifrost.ca.us.dal.net, running version bahamut-2.2.2
>> :bifrost.ca.us.dal.net 003 kquerel :This server was created Wed Oct 12 2022 at 17:21:47 EDT
>> :bifrost.ca.us.dal.net 004 kquerel bifrost.ca.us.dal.net bahamut-2.2.2 aAbcCdefFghHiIjkKmnoOPrRsSwxXy AbceiIjklLmMnoOpPrRsStv beIjklov
>> :bifrost.ca.us.dal.net 005 kquerel NETWORK=DALnet SAFELIST MAXBANS=200 MAXCHANNELS=30 CHANNELLEN=32 KICKLEN=307 NICKLEN=30 TOPICLEN=307 MODES=6 CHANTYPES=# CHANLIMIT=#:30 PREFIX=(ohv)@%+ STATUSMSG=@%+ :are available on this server
>> :bifrost.ca.us.dal.net 005 kquerel CASEMAPPING=ascii WATCH=128 SILENCE=10 ELIST=cmntu EXCEPTS INVEX CHANMODES=beI,k,jl,ciPAmMnOprRsSt MAXLIST=b:200,e:100,I:100 TARGMAX=DCCALLOW:,JOIN:,KICK:4,KILL:20,NOTICE:20,PART:,PRIVMSG:20,WHOIS:,WHOWAS: :are available on this server
>> :bifrost.ca.us.dal.net 251 kquerel :There are 67 users and 7103 invisible on 36 servers
>> :bifrost.ca.us.dal.net 252 kquerel 81 :IRC Operators online
>> :bifrost.ca.us.dal.net 254 kquerel 3651 :channels formed
>> :bifrost.ca.us.dal.net 255 kquerel :I have 192 clients and 1 servers
>> :bifrost.ca.us.dal.net 265 kquerel :Current local users: 192 Max: 601
>> :bifrost.ca.us.dal.net 266 kquerel :Current global users: 7170 Max: 12060
>> :bifrost.ca.us.dal.net NOTICE kquerel :*** Notice -- motd was last changed at 13/4/2024 18:06
>> :bifrost.ca.us.dal.net NOTICE kquerel :*** Notice -- Please read the motd if you haven't read it
>> :bifrost.ca.us.dal.net 375 kquerel :- bifrost.ca.us.dal.net Message of the Day - 
>> :bifrost.ca.us.dal.net 372 kquerel :-   
>> :bifrost.ca.us.dal.net 372 kquerel :-            *
>> :bifrost.ca.us.dal.net 372 kquerel :- *  /\     The rainbow bridge
>> :bifrost.ca.us.dal.net 372 kquerel :-       (())  leading from Asgard to Midgard.
>> :bifrost.ca.us.dal.net 372 kquerel :-      ((OO))*    
>> :bifrost.ca.us.dal.net 372 kquerel :-       (())  _     _  __               _
>> :bifrost.ca.us.dal.net 372 kquerel :-    00      | |__ (_)/ _|_ __ ___  ___| |_
>> :bifrost.ca.us.dal.net 372 kquerel :-    ||)     | '_ \| | |_| '__/ _ \/ __| __|
>> :bifrost.ca.us.dal.net 372 kquerel :-    |/      | |_) | |  _| | | (_) \__ \ |_
>> :bifrost.ca.us.dal.net 372 kquerel :-   (||      |_.__/|_|_| |_|  \___/|___/\__|
>> :bifrost.ca.us.dal.net 372 kquerel :-    ||                bifrost.ca.us.dal.net
>> :bifrost.ca.us.dal.net 372 kquerel :-    ||)   
>> :bifrost.ca.us.dal.net 372 kquerel :-    |/   .__Administrators___________________.
>> :bifrost.ca.us.dal.net 372 kquerel :-   (||   | * heimdall   [heimdall@dal.net]   |
>> :bifrost.ca.us.dal.net 372 kquerel :-    ||   | * tau        [tau@dal.net]        |
>> :bifrost.ca.us.dal.net 372 kquerel :-    ||)  |                                   |
>> :bifrost.ca.us.dal.net 372 kquerel :-    |/   .__Operators________________________.
>> :bifrost.ca.us.dal.net 372 kquerel :-   (||   | * adam       [adam@dal.net]       |
>> :bifrost.ca.us.dal.net 372 kquerel :-    ||   | * CaeSpock   [caespock@dal.net]   |
>> :bifrost.ca.us.dal.net 372 kquerel :-    ||)  | * chalcedony [chalcedony@dal.net] |
>> :bifrost.ca.us.dal.net 372 kquerel :-    |/   | * Estella    [estella@dal.net]    |
>> :bifrost.ca.us.dal.net 372 kquerel :-   (||   | * jeian      [jeian@dal.net]      |
>> :bifrost.ca.us.dal.net 372 kquerel :-    ||   | * phil       [phil@dal.net]       |
>> :bifrost.ca.us.dal.net 372 kquerel :-    ||)  | * Mobscene   [mobscene@dal.net]   |
>> :bifrost.ca.us.dal.net 372 kquerel :-    |/   |                                   |
>> :bifrost.ca.us.dal.net 372 kquerel :-   (||   .__Rules____________________________.
>> :bifrost.ca.us.dal.net 372 kquerel :-    ||   | * No malicious bots.              |
>> :bifrost.ca.us.dal.net 372 kquerel :-    ||)  | * No channel fillers of any kind. |
>> :bifrost.ca.us.dal.net 372 kquerel :-    |/   | * No user/operator impersonators. |
>> :bifrost.ca.us.dal.net 372 kquerel :-   (|/   |                                   |
>> :bifrost.ca.us.dal.net 372 kquerel :-    ||   .__Channels_________________________.
>> :bifrost.ca.us.dal.net 372 kquerel :-    ||   | * #OperHelp -> IRC Operator help  |
>> :bifrost.ca.us.dal.net 372 kquerel :-    ||   | * #Help -> IRC/services help      |
>> :bifrost.ca.us.dal.net 372 kquerel :-    ||   | * #Dragonrealm -> Network base    |
>> :bifrost.ca.us.dal.net 372 kquerel :-   (OO)   ~~~~~~~~~~~~~~~~~~~~~~~~~~~~~~~~~~~
>> :bifrost.ca.us.dal.net 372 kquerel :-    ()
>> :bifrost.ca.us.dal.net 372 kquerel :- 
>> :bifrost.ca.us.dal.net 372 kquerel :-    By connecting to this network, you agree to
>> :bifrost.ca.us.dal.net 372 kquerel :-    abide by its acceptable use policy (AUP), 
>> :bifrost.ca.us.dal.net 372 kquerel :-    available on our website: 
>> :bifrost.ca.us.dal.net 372 kquerel :-                      https://www.dal.net/aup 
>> :bifrost.ca.us.dal.net 376 kquerel :End of /MOTD command.
>> :kquerel MODE kquerel :+iH
<< PING bifrost.ca.us.dal.net
>> :bifrost.ca.us.dal.net PONG bifrost.ca.us.dal.net :kquerel
--> lag pong
<< NICK caro
>> :kquerel!~kquerel@5cfe-3e61-45ea-bc48-51f0.210.62.ip NICK :caro
<< PING bifrost.ca.us.dal.net
>> :bifrost.ca.us.dal.net PONG bifrost.ca.us.dal.net :caro
--> lag pong
<< PRIVMSG tibo :aslut
>> :bifrost.ca.us.dal.net 401 caro tibo :No such nick/channel
<< PING bifrost.ca.us.dal.net
>> :bifrost.ca.us.dal.net PONG bifrost.ca.us.dal.net :caro
--> lag pong
<< JOIN #test
>> :caro!~kquerel@5cfe-3e61-45ea-bc48-51f0.210.62.ip JOIN :#test
>> :bifrost.ca.us.dal.net 332 caro #test :13w08e11l12c04o09m12e 08t09o 00#04t08e13s09t 13o12n 04d12a04l08n09e00t09.
>> :bifrost.ca.us.dal.net 333 caro #test melika!tkob@f2f-12b7-2a9b-bd1c-e0b5.life.is-a.beauty 1686454513
>> :bifrost.ca.us.dal.net 353 caro = #test :caro @andrei thekingofbandit2 andrei` thekingofbandit @andrew 
>> :bifrost.ca.us.dal.net 366 caro #test :End of /NAMES list.
<< MODE #test
>> :bifrost.ca.us.dal.net 324 caro #test +tn 
--> chanquery mode
<< WHO #test
>> :bifrost.ca.us.dal.net 329 caro #test 1680688351
--> event 329
>> :bifrost.ca.us.dal.net 352 caro #test ~kquerel 5cfe-3e61-45ea-bc48-51f0.210.62.ip bifrost.ca.us.dal.net caro H :0 Karl QUEREL
--> silent event who
>> :bifrost.ca.us.dal.net 352 caro #test unknown a788-cefa-fe52-f9cb-2683.40.89.ip lion.tx.us.dal.net andrei G@ :4 andrei
--> silent event who
>> :bifrost.ca.us.dal.net 352 caro #test ~thekingof 4648-f1e-1597-14eb-5966.203.5300.2607.ip halcyon.il.us.dal.net thekingofbandit2 H :2 thekingofbandit
--> silent event who
>> :bifrost.ca.us.dal.net 352 caro #test ~andrei a9-20c4-655c-b4bd-7844.81.206.ip atw.hu.eu.dal.net andrei` G :4 andrei
--> silent event who
>> :bifrost.ca.us.dal.net 352 caro #test tkob f2f-12b7-2a9b-bd1c-e0b5.life.is-a.beauty sakura.jp.as.dal.net thekingofbandit H :4 The King of Bandit
--> silent event who
>> :bifrost.ca.us.dal.net 352 caro #test ~andrew 751e-f489-2f83-3244-4f69.4.81.ip bifrost.ca.us.dal.net andrew G@ :0 andrew
--> silent event who
>> :bifrost.ca.us.dal.net 315 caro #test :End of /WHO list.
--> chanquery who end
<< MODE #test b
>> :bifrost.ca.us.dal.net 367 caro #test *!*@1f9a-e727-f3df-f7e3-c39.210.62.ip andrei!unknown@4ede-e670-3738-e5d8-1642.45.185.ip 1710570055
--> chanquery ban
>> :bifrost.ca.us.dal.net 368 caro #test :End of Channel Ban List
--> chanquery ban end
<< PRIVMSG #test :wlkrhwer
<< PING bifrost.ca.us.dal.net
>> :bifrost.ca.us.dal.net PONG bifrost.ca.us.dal.net :caro
--> lag pong
<< INVITE saluyt #test
>> :bifrost.ca.us.dal.net 401 caro saluyt :No such nick/channel
<< PING bifrost.ca.us.dal.net
>> :bifrost.ca.us.dal.net PONG bifrost.ca.us.dal.net :caro
--> lag pong
<< PING bifrost.ca.us.dal.net
>> :bifrost.ca.us.dal.net PONG bifrost.ca.us.dal.net :caro
--> lag pong
<< PING bifrost.ca.us.dal.net
>> :bifrost.ca.us.dal.net PONG bifrost.ca.us.dal.net :caro
--> lag pong
<< QUIT :leaving
